[database] 使用 PostgreSQL 数据库
[启动] K线缓存从磁盘恢复: 407 条
── ETF 池 ──
  增量 sh510300 沪深300ETF（已有数据至 2026-08-28）
[backtest] sh510300 东财拉取失败（重试 2 次）: ('Connection aborted.', RemoteDisconnected('Remote end closed connection without response'))，降级腾讯
  [OK] sh510300 沪深300ETF: 4 条 (2026-08-28 ~ 2026-09-02)
  增量 sh560010 中证1000ETF（已有数据至 2026-08-28）
[backtest] sh560010 东财拉取失败（重试 2 次）: ('Connection aborted.', RemoteDisconnected('Remote end closed connection without response'))，降级腾讯
  [OK] sh560010 中证1000ETF: 4 条 (2026-08-28 ~ 2026-09-02)
  增量 sh588000 科创板50ETF（已有数据至 2026-08-28）
[backtest] 东财连续失败，后续全部走腾讯源
  [OK] sh588000 科创板50ETF: 3 条 (2026-08-28 ~ 2026-09-01)
  增量 sz159915 创业板ETF（已有数据至 2026-08-28）
  [OK] sz159915 创业板ETF: 4 条 (2026-08-28 ~ 2026-09-02)
  增量 sh510500 中证500ETF（已有数据至 2026-08-28）
  [OK] sh510500 中证500ETF: 4 条 (2026-08-28 ~ 2026-09-02)
  增量 sh513100 纳斯达克ETF（已有数据至 2026-08-28）
  [OK] sh513100 纳斯达克ETF: 4 条 (2026-08-28 ~ 2026-09-02)
  增量 sh513130 恒生科技ETF（已有数据至 2026-08-31）
  [OK] sh513130 恒生科技ETF: 3 条 (2026-08-31 ~ 2026-09-02)
  增量 sh513880 日经225ETF（已有数据至 2026-08-31）
  [OK] sh513880 日经225ETF: 3 条 (2026-08-31 ~ 2026-09-02)
  增量 sh513050 中概互联网ETF（已有数据至 2026-08-31）
  [OK] sh513050 中概互联网ETF: 3 条 (2026-08-31 ~ 2026-09-02)
  增量 sh512480 半导体ETF（已有数据至 2026-08-28）
  [OK] sh512480 半导体ETF: 4 条 (2026-08-28 ~ 2026-09-02)
  增量 sh515070 人工智能ETF（已有数据至 2026-08-28）
  [OK] sh515070 人工智能ETF: 4 条 (2026-08-28 ~ 2026-09-02)
  增量 sh512660 军工ETF（已有数据至 2026-08-31）
  [OK] sh512660 军工ETF: 3 条 (2026-08-31 ~ 2026-09-02)
  增量 sh515030 新能源车ETF（已有数据至 2026-08-31）
  [OK] sh515030 新能源车ETF: 3 条 (2026-08-31 ~ 2026-09-02)
  增量 sz159611 电力ETF（已有数据至 2026-08-31）
  [OK] sz159611 电力ETF: 3 条 (2026-08-31 ~ 2026-09-02)
  增量 sh512010 医药ETF（已有数据至 2026-08-28）
  [OK] sh512010 医药ETF: 4 条 (2026-08-28 ~ 2026-09-02)
  增量 sz159928 消费ETF（已有数据至 2026-08-28）
  [OK] sz159928 消费ETF: 4 条 (2026-08-28 ~ 2026-09-02)
  增量 sh512880 证券ETF（已有数据至 2026-08-31）
  [OK] sh512880 证券ETF: 3 条 (2026-08-31 ~ 2026-09-02)
  增量 sh512800 银行ETF（已有数据至 2026-08-28）
  [OK] sh512800 银行ETF: 4 条 (2026-08-28 ~ 2026-09-02)
  增量 sh515220 煤炭ETF（已有数据至 2026-08-28）
  [OK] sh515220 煤炭ETF: 4 条 (2026-08-28 ~ 2026-09-02)
  增量 sh512400 有色ETF（已有数据至 2026-08-28）
  [OK] sh512400 有色ETF: 4 条 (2026-08-28 ~ 2026-09-02)
  增量 sh512200 地产ETF（已有数据至 2026-08-28）
  [OK] sh512200 地产ETF: 4 条 (2026-08-28 ~ 2026-09-02)
  增量 sh516150 稀土ETF（已有数据至 2026-08-31）
  [OK] sh516150 稀土ETF: 3 条 (2026-08-31 ~ 2026-09-02)
  增量 sz159825 农业ETF（已有数据至 2026-08-31）
  [OK] sz159825 农业ETF: 3 条 (2026-08-31 ~ 2026-09-02)
  增量 sz159865 养殖ETF（已有数据至 2026-08-31）
  [OK] sz159865 养殖ETF: 3 条 (2026-08-31 ~ 2026-09-02)
  增量 sh518880 黄金ETF（已有数据至 2026-08-28）
  [OK] sh518880 黄金ETF: 4 条 (2026-08-28 ~ 2026-09-02)
  增量 sz161226 白银LOF（已有数据至 2026-08-31）
  [OK] sz161226 白银LOF: 3 条 (2026-08-31 ~ 2026-09-02)
  增量 sz159518 标普油气ETF（已有数据至 2026-08-31）
  [OK] sz159518 标普油气ETF: 3 条 (2026-08-31 ~ 2026-09-02)
  增量 sz159985 豆粕ETF（已有数据至 2026-08-31）
  [OK] sz159985 豆粕ETF: 3 条 (2026-08-31 ~ 2026-09-02)
  增量 sh511010 国债ETF（已有数据至 2026-08-31）
  [OK] sh511010 国债ETF: 3 条 (2026-08-31 ~ 2026-09-02)
  增量 sh511360 短融ETF（已有数据至 2026-08-31）
  [OK] sh511360 短融ETF: 3 条 (2026-08-31 ~ 2026-09-02)
ETF 完成，共写入 104 条

── 沪深300 基准 ──
  增量 sh000300 沪深300指数（已有数据至 2026-09-02）
  [OK] sh000300 沪深300指数: 1 条 (2026-09-02 ~ 2026-09-02)

── 战法历史个股 ──
  共 484 只个股
  增量 600219 南山铝业（已有数据至 2026-09-01）
  [OK] 600219 南山铝业: 2 条 (2026-09-01 ~ 2026-09-02)
  增量 000620 盈新发展（已有数据至 2026-09-01）
  [OK] 000620 盈新发展: 2 条 (2026-09-01 ~ 2026-09-02)
  增量 601609 金田股份（已有数据至 2026-09-01）
  [OK] 601609 金田股份: 2 条 (2026-09-01 ~ 2026-09-02)
  增量 600664 哈药股份（已有数据至 2026-09-01）
  [OK] 600664 哈药股份: 2 条 (2026-09-01 ~ 2026-09-02)
  增量 601877 正泰电器（已有数据至 2026-09-01）
  [OK] 601877 正泰电器: 2 条 (2026-09-01 ~ 2026-09-02)
  增量 000795 英洛华（已有数据至 2026-09-01）
  [OK] 000795 英洛华: 2 条 (2026-09-01 ~ 2026-09-02)
  增量 002241 歌尔股份（已有数据至 2026-09-01）
  [OK] 002241 歌尔股份: 2 条 (2026-09-01 ~ 2026-09-02)
  增量 601108 财通证券（已有数据至 2026-09-01）
  [OK] 601108 财通证券: 2 条 (2026-09-01 ~ 2026-09-02)
  增量 601238 广汽集团（已有数据至 2026-09-01）
  [OK] 601238 广汽集团: 2 条 (2026-09-01 ~ 2026-09-02)
  增量 600988 赤峰黄金（已有数据至 2026-09-01）
  [OK] 600988 赤峰黄金: 1 条 (2026-09-01 ~ 2026-09-01)
  增量 603881 数据港（已有数据至 2026-09-01）
  [OK] 603881 数据港: 2 条 (2026-09-01 ~ 2026-09-02)
  增量 000975 山金国际（已有数据至 2026-09-01）
  [OK] 000975 山金国际: 2 条 (2026-09-01 ~ 2026-09-02)
  增量 001358 兴欣新材（已有数据至 2026-09-01）
  [OK] 001358 兴欣新材: 2 条 (2026-09-01 ~ 2026-09-02)
  增量 002098 浔兴股份（已有数据至 2026-09-01）
  [OK] 002098 浔兴股份: 2 条 (2026-09-01 ~ 2026-09-02)
  增量 600938 中国海油（已有数据至 2026-09-01）
  [OK] 600938 中国海油: 2 条 (2026-09-01 ~ 2026-09-02)
  增量 600711 盛屯矿业（已有数据至 2026-09-01）
  [OK] 600711 盛屯矿业: 2 条 (2026-09-01 ~ 2026-09-02)
  增量 603799 华友钴业（已有数据至 2026-09-01）
  [OK] 603799 华友钴业: 2 条 (2026-09-01 ~ 2026-09-02)
  增量 000862 银星能源（已有数据至 2026-09-01）
  [OK] 000862 银星能源: 2 条 (2026-09-01 ~ 2026-09-02)
  增量 603612 索通发展（已有数据至 2026-09-01）
  [OK] 603612 索通发展: 2 条 (2026-09-01 ~ 2026-09-02)
  增量 002309 中利集团（已有数据至 2026-09-01）
  [OK] 002309 中利集团: 2 条 (2026-09-01 ~ 2026-09-02)
  增量 001325 元创股份（已有数据至 2026-09-01）
  [OK] 001325 元创股份: 2 条 (2026-09-01 ~ 2026-09-02)
  增量 001296 长江材料（已有数据至 2026-09-01）
  [OK] 001296 长江材料: 2 条 (2026-09-01 ~ 2026-09-02)
  增量 002286 保龄宝（已有数据至 2026-09-01）
  [OK] 002286 保龄宝: 2 条 (2026-09-01 ~ 2026-09-02)
  增量 002277 友阿股份（已有数据至 2026-09-01）
  [OK] 002277 友阿股份: 2 条 (2026-09-01 ~ 2026-09-02)
  增量 002810 山东赫达（已有数据至 2026-09-01）
  [OK] 002810 山东赫达: 1 条 (2026-09-01 ~ 2026-09-01)
  增量 001356 富岭股份（已有数据至 2026-09-01）
  [OK] 001356 富岭股份: 2 条 (2026-09-01 ~ 2026-09-02)
  增量 000803 山高环能（已有数据至 2026-09-01）
  [OK] 000803 山高环能: 2 条 (2026-09-01 ~ 2026-09-02)
  增量 001311 多利科技（已有数据至 2026-09-01）
  [OK] 001311 多利科技: 2 条 (2026-09-01 ~ 2026-09-02)
  增量 002338 奥普光电（已有数据至 2026-09-01）
  [OK] 002338 奥普光电: 2 条 (2026-09-01 ~ 2026-09-02)
  增量 002162 悦心健康（已有数据至 2026-09-01）
  [OK] 002162 悦心健康: 2 条 (2026-09-01 ~ 2026-09-02)
  增量 002218 拓日新能（已有数据至 2026-09-01）
  [OK] 002218 拓日新能: 2 条 (2026-09-01 ~ 2026-09-02)
  增量 002298 中电鑫龙（已有数据至 2026-09-01）
  [OK] 002298 中电鑫龙: 2 条 (2026-09-01 ~ 2026-09-02)
  增量 002026 山东威达（已有数据至 2026-09-01）
  [OK] 002026 山东威达: 2 条 (2026-09-01 ~ 2026-09-02)
  增量 000721 西安饮食（已有数据至 2026-09-01）
  [OK] 000721 西安饮食: 2 条 (2026-09-01 ~ 2026-09-02)
  增量 603328 依顿电子（已有数据至 2026-09-01）
  [OK] 603328 依顿电子: 2 条 (2026-09-01 ~ 2026-09-02)
  增量 603599 广信股份（已有数据至 2026-09-01）
  [OK] 603599 广信股份: 2 条 (2026-09-01 ~ 2026-09-02)
  增量 002902 铭普光磁（已有数据至 2026-09-01）
  [OK] 002902 铭普光磁: 1 条 (2026-09-01 ~ 2026-09-01)
  增量 002637 赞宇科技（已有数据至 2026-09-01）
  [OK] 002637 赞宇科技: 1 条 (2026-09-01 ~ 2026-09-01)
  增量 600345 长江通信（已有数据至 2026-09-01）
  [OK] 600345 长江通信: 2 条 (2026-09-01 ~ 2026-09-02)
  增量 002793 罗欣药业（已有数据至 2026-09-01）
  [OK] 002793 罗欣药业: 1 条 (2026-09-01 ~ 2026-09-01)
  增量 600336 澳柯玛（已有数据至 2026-09-01）
  [OK] 600336 澳柯玛: 2 条 (2026-09-01 ~ 2026-09-02)
  增量 002524 光正眼科（已有数据至 2026-09-01）
  [OK] 002524 光正眼科: 1 条 (2026-09-01 ~ 2026-09-01)
  增量 600388 紫金龙净（已有数据至 2026-09-01）
  [OK] 600388 紫金龙净: 2 条 (2026-09-01 ~ 2026-09-02)
  增量 002521 齐峰新材（已有数据至 2026-09-01）
  [OK] 002521 齐峰新材: 2 条 (2026-09-01 ~ 2026-09-02)
  增量 002915 中欣氟材（已有数据至 2026-09-01）
  [OK] 002915 中欣氟材: 2 条 (2026-09-01 ~ 2026-09-02)
  增量 600089 特变电工（已有数据至 2026-09-01）
  [OK] 600089 特变电工: 2 条 (2026-09-01 ~ 2026-09-02)
  增量 600100 同方股份（已有数据至 2026-09-01）
  [OK] 600100 同方股份: 2 条 (2026-09-01 ~ 2026-09-02)
  增量 600376 首开股份（已有数据至 2026-09-01）
  [OK] 600376 首开股份: 1 条 (2026-09-01 ~ 2026-09-01)
  增量 002595 豪迈科技（已有数据至 2026-09-01）
  [OK] 002595 豪迈科技: 1 条 (2026-09-01 ~ 2026-09-01)
  增量 002833 弘亚数控（已有数据至 2026-09-01）
  [OK] 002833 弘亚数控: 2 条 (2026-09-01 ~ 2026-09-02)
  增量 002612 朗姿股份（已有数据至 2026-09-01）
  [OK] 002612 朗姿股份: 1 条 (2026-09-01 ~ 2026-09-01)
  增量 001300 三柏硕（已有数据至 2026-09-01）
  [OK] 001300 三柏硕: 2 条 (2026-09-01 ~ 2026-09-02)
  增量 002128 电投能源（已有数据至 2026-09-01）
  [OK] 002128 电投能源: 2 条 (2026-09-01 ~ 2026-09-02)
  增量 002900 哈三联（已有数据至 2026-09-01）
  [OK] 002900 哈三联: 1 条 (2026-09-01 ~ 2026-09-01)
  增量 001230 劲旅环境（已有数据至 2026-09-01）
  [OK] 001230 劲旅环境: 2 条 (2026-09-01 ~ 2026-09-02)
  增量 002412 汉森制药（已有数据至 2026-09-01）
  [OK] 002412 汉森制药: 2 条 (2026-09-01 ~ 2026-09-02)
  增量 000923 河钢资源（已有数据至 2026-09-01）
  [OK] 000923 河钢资源: 2 条 (2026-09-01 ~ 2026-09-02)
  增量 002857 三晖电气（已有数据至 2026-09-01）
  [OK] 002857 三晖电气: 2 条 (2026-09-01 ~ 2026-09-02)
  增量 600483 福能股份（已有数据至 2026-09-01）
  [OK] 600483 福能股份: 2 条 (2026-09-01 ~ 2026-09-02)
  增量 603368 柳药集团（已有数据至 2026-09-01）
  [OK] 603368 柳药集团: 2 条 (2026-09-01 ~ 2026-09-02)
  增量 603071 物产环能（已有数据至 2026-09-01）
  [OK] 603071 物产环能: 2 条 (2026-09-01 ~ 2026-09-02)
  增量 600583 海油工程（已有数据至 2026-09-01）
  [OK] 600583 海油工程: 2 条 (2026-09-01 ~ 2026-09-02)
  增量 002049 紫光国微（已有数据至 2026-09-01）
  [OK] 002049 紫光国微: 2 条 (2026-09-01 ~ 2026-09-02)
  增量 002215 诺 普 信（已有数据至 2026-09-01）
  [OK] 002215 诺 普 信: 2 条 (2026-09-01 ~ 2026-09-02)
  增量 601869 长飞光纤（已有数据至 2026-09-01）
  [OK] 601869 长飞光纤: 2 条 (2026-09-01 ~ 2026-09-02)
  增量 601995 中金公司（已有数据至 2026-09-01）
  [OK] 601995 中金公司: 2 条 (2026-09-01 ~ 2026-09-02)
  增量 600703 三安光电（已有数据至 2026-09-01）
  [OK] 600703 三安光电: 2 条 (2026-09-01 ~ 2026-09-02)
  增量 603501 豪威集团（已有数据至 2026-09-01）
  [OK] 603501 豪威集团: 2 条 (2026-09-01 ~ 2026-09-02)
  增量 003031 中瓷电子（已有数据至 2026-09-01）
  [OK] 003031 中瓷电子: 1 条 (2026-09-01 ~ 2026-09-01)
  增量 600869 远东股份（已有数据至 2026-09-01）
  [OK] 600869 远东股份: 2 条 (2026-09-01 ~ 2026-09-02)
  增量 601360 三六零（已有数据至 2026-09-01）
  [OK] 601360 三六零: 2 条 (2026-09-01 ~ 2026-09-02)
  增量 000596 古井贡酒（已有数据至 2026-09-01）
  [OK] 000596 古井贡酒: 2 条 (2026-09-01 ~ 2026-09-02)
  增量 002028 思源电气（已有数据至 2026-09-01）
  [OK] 002028 思源电气: 2 条 (2026-09-01 ~ 2026-09-02)
  增量 002230 科大讯飞（已有数据至 2026-09-01）
  [OK] 002230 科大讯飞: 2 条 (2026-09-01 ~ 2026-09-02)
  增量 600104 上汽集团（已有数据至 2026-09-01）
  [OK] 600104 上汽集团: 2 条 (2026-09-01 ~ 2026-09-02)
  增量 601618 中国中冶（已有数据至 2026-09-01）
  [OK] 601618 中国中冶: 2 条 (2026-09-01 ~ 2026-09-02)
  增量 601800 中国交建（已有数据至 2026-09-01）
  [OK] 601800 中国交建: 2 条 (2026-09-01 ~ 2026-09-02)
  增量 601179 中国西电（已有数据至 2026-09-01）
  [OK] 601179 中国西电: 2 条 (2026-09-01 ~ 2026-09-02)
  增量 603613 国联股份（已有数据至 2026-09-01）
  [OK] 603613 国联股份: 2 条 (2026-09-01 ~ 2026-09-02)
  增量 000039 中集集团（已有数据至 2026-09-01）
  [OK] 000039 中集集团: 2 条 (2026-09-01 ~ 2026-09-02)
  增量 600570 恒生电子（已有数据至 2026-09-01）
  [OK] 600570 恒生电子: 2 条 (2026-09-01 ~ 2026-09-02)
  增量 600861 北京人力（已有数据至 2026-09-01）
  [OK] 600861 北京人力: 2 条 (2026-09-01 ~ 2026-09-02)
  增量 603228 景旺电子（已有数据至 2026-09-01）
  [OK] 603228 景旺电子: 2 条 (2026-09-01 ~ 2026-09-02)
  增量 603806 福斯特（已有数据至 2026-09-01）
  [OK] 603806 福斯特: 2 条 (2026-09-01 ~ 2026-09-02)
  增量 603833 欧派家居（已有数据至 2026-09-01）
  [OK] 603833 欧派家居: 2 条 (2026-09-01 ~ 2026-09-02)
  增量 000021 深科技（已有数据至 2026-09-01）
  [OK] 000021 深科技: 2 条 (2026-09-01 ~ 2026-09-02)
  增量 001389 广合科技（已有数据至 2026-09-01）
  [OK] 001389 广合科技: 2 条 (2026-09-01 ~ 2026-09-02)
  增量 002555 三七互娱（已有数据至 2026-09-01）
  [OK] 002555 三七互娱: 1 条 (2026-09-01 ~ 2026-09-01)
  增量 600048 保利发展（已有数据至 2026-09-01）
  [OK] 600048 保利发展: 2 条 (2026-09-01 ~ 2026-09-02)
  增量 002142 宁波银行（已有数据至 2026-09-01）
  [OK] 002142 宁波银行: 2 条 (2026-09-01 ~ 2026-09-02)
  增量 600010 包钢股份（已有数据至 2026-09-01）
  [OK] 600010 包钢股份: 2 条 (2026-09-01 ~ 2026-09-02)
  增量 002430 杭氧股份（已有数据至 2026-09-01）
  [OK] 002430 杭氧股份: 2 条 (2026-09-01 ~ 2026-09-02)
  增量 600256 广汇能源（已有数据至 2026-09-01）
  [OK] 600256 广汇能源: 2 条 (2026-09-01 ~ 2026-09-02)
  增量 601208 东材科技（已有数据至 2026-09-01）
  [OK] 601208 东材科技: 2 条 (2026-09-01 ~ 2026-09-02)
  增量 001203 大中矿业（已有数据至 2026-09-01）
  [OK] 001203 大中矿业: 2 条 (2026-09-01 ~ 2026-09-02)
  增量 002353 杰瑞股份（已有数据至 2026-09-01）
  [OK] 002353 杰瑞股份: 2 条 (2026-09-01 ~ 2026-09-02)
  增量 002384 东山精密（已有数据至 2026-09-01）
  [OK] 002384 东山精密: 2 条 (2026-09-01 ~ 2026-09-02)
  增量 002938 鹏鼎控股（已有数据至 2026-09-01）
  [OK] 002938 鹏鼎控股: 1 条 (2026-09-01 ~ 2026-09-01)
  增量 002371 北方华创（已有数据至 2026-09-01）
  [OK] 002371 北方华创: 2 条 (2026-09-01 ~ 2026-09-02)
  增量 002850 科达利（已有数据至 2026-09-01）
  [OK] 002850 科达利: 2 条 (2026-09-01 ~ 2026-09-02)
  增量 601211 国泰海通（已有数据至 2026-09-01）
  [OK] 601211 国泰海通: 2 条 (2026-09-01 ~ 2026-09-02)
  增量 601336 新华保险（已有数据至 2026-09-01）
  [OK] 601336 新华保险: 2 条 (2026-09-01 ~ 2026-09-02)
  增量 600111 北方稀土（已有数据至 2026-09-01）
  [OK] 600111 北方稀土: 2 条 (2026-09-01 ~ 2026-09-02)
  增量 601688 华泰证券（已有数据至 2026-09-01）
  [OK] 601688 华泰证券: 2 条 (2026-09-01 ~ 2026-09-02)
  增量 601628 中国人寿（已有数据至 2026-09-01）
  [OK] 601628 中国人寿: 2 条 (2026-09-01 ~ 2026-09-02)
  增量 002074 国轩高科（已有数据至 2026-09-01）
  [OK] 002074 国轩高科: 2 条 (2026-09-01 ~ 2026-09-02)
  增量 601699 潞安环能（已有数据至 2026-09-01）
  [OK] 601699 潞安环能: 2 条 (2026-09-01 ~ 2026-09-02)
  增量 601231 环旭电子（已有数据至 2026-09-01）
  [OK] 601231 环旭电子: 2 条 (2026-09-01 ~ 2026-09-02)
  增量 600760 中航沈飞（已有数据至 2026-09-01）
  [OK] 600760 中航沈飞: 2 条 (2026-09-01 ~ 2026-09-02)
  增量 605050 福然德（已有数据至 2026-09-01）
  [OK] 605050 福然德: 2 条 (2026-09-01 ~ 2026-09-02)
  增量 603268 松发股份（已有数据至 2026-09-01）
  [OK] 603268 松发股份: 2 条 (2026-09-01 ~ 2026-09-02)
  增量 600966 博汇纸业（已有数据至 2026-09-01）
  [OK] 600966 博汇纸业: 2 条 (2026-09-01 ~ 2026-09-02)
  增量 603400 华之杰（已有数据至 2026-09-01）
  [OK] 603400 华之杰: 2 条 (2026-09-01 ~ 2026-09-02)
  增量 001268 联合精密（已有数据至 2026-09-01）
  [OK] 001268 联合精密: 2 条 (2026-09-01 ~ 2026-09-02)
  增量 000623 吉林敖东（已有数据至 2026-09-01）
  [OK] 000623 吉林敖东: 2 条 (2026-09-01 ~ 2026-09-02)
  增量 603317 天味食品（已有数据至 2026-09-01）
  [OK] 603317 天味食品: 2 条 (2026-09-01 ~ 2026-09-02)
  增量 603889 新澳股份（已有数据至 2026-09-01）
  [OK] 603889 新澳股份: 2 条 (2026-09-01 ~ 2026-09-02)
  增量 002947 恒铭达（已有数据至 2026-09-01）
  [OK] 002947 恒铭达: 1 条 (2026-09-01 ~ 2026-09-01)
  增量 600095 湘财股份（已有数据至 2026-09-01）
  [OK] 600095 湘财股份: 2 条 (2026-09-01 ~ 2026-09-02)
  增量 600595 中孚实业（已有数据至 2026-09-01）
  [OK] 600595 中孚实业: 2 条 (2026-09-01 ~ 2026-09-02)
  增量 002545 东方铁塔（已有数据至 2026-09-01）
  [OK] 002545 东方铁塔: 1 条 (2026-09-01 ~ 2026-09-01)
  增量 603236 移远通信（已有数据至 2026-09-01）
  [OK] 603236 移远通信: 2 条 (2026-09-01 ~ 2026-09-02)
  增量 002572 索菲亚（已有数据至 2026-09-01）
  [OK] 002572 索菲亚: 1 条 (2026-09-01 ~ 2026-09-01)
  增量 002957 科瑞技术（已有数据至 2026-09-01）
  [OK] 002957 科瑞技术: 1 条 (2026-09-01 ~ 2026-09-01)
  增量 003033 征和工业（已有数据至 2026-09-01）
  [OK] 003033 征和工业: 2 条 (2026-09-01 ~ 2026-09-02)
  增量 603269 海鸥股份（已有数据至 2026-09-01）
  [OK] 603269 海鸥股份: 2 条 (2026-09-01 ~ 2026-09-02)
  增量 603906 龙蟠科技（已有数据至 2026-09-01）
  [OK] 603906 龙蟠科技: 2 条 (2026-09-01 ~ 2026-09-02)
  增量 603367 辰欣药业（已有数据至 2026-09-01）
  [OK] 603367 辰欣药业: 2 条 (2026-09-01 ~ 2026-09-02)
  增量 603583 捷昌驱动（已有数据至 2026-09-01）
  [OK] 603583 捷昌驱动: 2 条 (2026-09-01 ~ 2026-09-02)
  增量 603678 火炬电子（已有数据至 2026-09-01）
  [OK] 603678 火炬电子: 2 条 (2026-09-01 ~ 2026-09-02)
  增量 002320 海峡股份（已有数据至 2026-09-01）
  [OK] 002320 海峡股份: 2 条 (2026-09-01 ~ 2026-09-02)
  增量 603989 艾华集团（已有数据至 2026-09-01）
  [OK] 603989 艾华集团: 2 条 (2026-09-01 ~ 2026-09-02)
  增量 000716 黑芝麻（已有数据至 2026-09-01）
  [OK] 000716 黑芝麻: 2 条 (2026-09-01 ~ 2026-09-02)
  增量 603402 陕西旅游（已有数据至 2026-09-01）
  [OK] 603402 陕西旅游: 2 条 (2026-09-01 ~ 2026-09-02)
  增量 603081 大丰实业（已有数据至 2026-09-01）
  [OK] 603081 大丰实业: 2 条 (2026-09-01 ~ 2026-09-02)
  增量 603666 亿嘉和（已有数据至 2026-09-01）
  [OK] 603666 亿嘉和: 2 条 (2026-09-01 ~ 2026-09-02)
  增量 603032 德新科技（已有数据至 2026-09-01）
  [OK] 603032 德新科技: 2 条 (2026-09-01 ~ 2026-09-02)
  增量 603444 吉比特（已有数据至 2026-09-01）
  [OK] 603444 吉比特: 2 条 (2026-09-01 ~ 2026-09-02)
  增量 603059 倍加洁（已有数据至 2026-09-01）
  [OK] 603059 倍加洁: 2 条 (2026-09-01 ~ 2026-09-02)
  增量 603737 三棵树（已有数据至 2026-09-01）
  [OK] 603737 三棵树: 2 条 (2026-09-01 ~ 2026-09-02)
  增量 605319 无锡振华（已有数据至 2026-09-01）
  [OK] 605319 无锡振华: 2 条 (2026-09-01 ~ 2026-09-02)
  增量 603112 华翔股份（已有数据至 2026-09-01）
  [OK] 603112 华翔股份: 2 条 (2026-09-01 ~ 2026-09-02)
  增量 603738 泰晶科技（已有数据至 2026-09-01）
  [OK] 603738 泰晶科技: 2 条 (2026-09-01 ~ 2026-09-02)
  增量 600850 电科数字（已有数据至 2026-09-01）
  [OK] 600850 电科数字: 2 条 (2026-09-01 ~ 2026-09-02)
  增量 600851 海欣股份（已有数据至 2026-09-01）
  [OK] 600851 海欣股份: 2 条 (2026-09-01 ~ 2026-09-02)
  增量 603217 元利科技（已有数据至 2026-09-01）
  [OK] 603217 元利科技: 2 条 (2026-09-01 ~ 2026-09-02)
  增量 600857 宁波中百（已有数据至 2026-09-01）
  [OK] 600857 宁波中百: 2 条 (2026-09-01 ~ 2026-09-02)
  增量 600984 建设机械（已有数据至 2026-09-01）
  [OK] 600984 建设机械: 2 条 (2026-09-01 ~ 2026-09-02)
  增量 603556 海兴电力（已有数据至 2026-09-01）
  [OK] 603556 海兴电力: 2 条 (2026-09-01 ~ 2026-09-02)
  增量 603122 合富中国（已有数据至 2026-09-01）
  [OK] 603122 合富中国: 2 条 (2026-09-01 ~ 2026-09-02)
  增量 603713 密尔克卫（已有数据至 2026-09-01）
  [OK] 603713 密尔克卫: 2 条 (2026-09-01 ~ 2026-09-02)
  增量 000715 中兴商业（已有数据至 2026-09-01）
  [OK] 000715 中兴商业: 2 条 (2026-09-01 ~ 2026-09-02)
  增量 600179 安通控股（已有数据至 2026-09-01）
  [OK] 600179 安通控股: 2 条 (2026-09-01 ~ 2026-09-02)
  增量 001386 马可波罗（已有数据至 2026-09-01）
  [OK] 001386 马可波罗: 2 条 (2026-09-01 ~ 2026-09-02)
  增量 000017 深中华A（已有数据至 2026-09-01）
  [OK] 000017 深中华A: 2 条 (2026-09-01 ~ 2026-09-02)
  增量 603358 华达科技（已有数据至 2026-09-01）
  [OK] 603358 华达科技: 2 条 (2026-09-01 ~ 2026-09-02)
  增量 600479 千金药业（已有数据至 2026-09-01）
  [OK] 600479 千金药业: 2 条 (2026-09-01 ~ 2026-09-02)
  增量 002078 太阳纸业（已有数据至 2026-09-01）
  [OK] 002078 太阳纸业: 2 条 (2026-09-01 ~ 2026-09-02)
  增量 002537 海联金汇（已有数据至 2026-09-01）
  [OK] 002537 海联金汇: 1 条 (2026-09-01 ~ 2026-09-01)
  增量 600598 北大荒（已有数据至 2026-09-01）
  [OK] 600598 北大荒: 2 条 (2026-09-01 ~ 2026-09-02)
  增量 605183 确成股份（已有数据至 2026-09-01）
  [OK] 605183 确成股份: 2 条 (2026-09-01 ~ 2026-09-02)
  增量 605277 新亚电子（已有数据至 2026-09-01）
  [OK] 605277 新亚电子: 2 条 (2026-09-01 ~ 2026-09-02)
  增量 600060 海信视像（已有数据至 2026-09-01）
  [OK] 600060 海信视像: 2 条 (2026-09-01 ~ 2026-09-02)
  增量 000783 长江证券（已有数据至 2026-09-01）
  [OK] 000783 长江证券: 2 条 (2026-09-01 ~ 2026-09-02)
  增量 603406 天富龙（已有数据至 2026-09-01）
  [OK] 603406 天富龙: 2 条 (2026-09-01 ~ 2026-09-02)
  增量 603708 家家悦（已有数据至 2026-09-01）
  [OK] 603708 家家悦: 2 条 (2026-09-01 ~ 2026-09-02)
  增量 600211 西藏药业（已有数据至 2026-09-01）
  [OK] 600211 西藏药业: 2 条 (2026-09-01 ~ 2026-09-02)
  增量 603707 健友股份（已有数据至 2026-09-01）
  [OK] 603707 健友股份: 2 条 (2026-09-01 ~ 2026-09-02)
  增量 601011 宝泰隆（已有数据至 2026-09-01）
  [OK] 601011 宝泰隆: 2 条 (2026-09-01 ~ 2026-09-02)
  增量 600860 京城股份（已有数据至 2026-09-01）
  [OK] 600860 京城股份: 2 条 (2026-09-01 ~ 2026-09-02)
  增量 605298 必得科技（已有数据至 2026-09-01）
  [OK] 605298 必得科技: 2 条 (2026-09-01 ~ 2026-09-02)
  增量 002046 国机精工（已有数据至 2026-09-01）
  [OK] 002046 国机精工: 2 条 (2026-09-01 ~ 2026-09-02)
  增量 600999 招商证券（已有数据至 2026-09-01）
  [OK] 600999 招商证券: 2 条 (2026-09-01 ~ 2026-09-02)
  增量 600035 楚天高速（已有数据至 2026-09-01）
  [OK] 600035 楚天高速: 2 条 (2026-09-01 ~ 2026-09-02)
  增量 603111 康尼机电（已有数据至 2026-09-01）
  [OK] 603111 康尼机电: 2 条 (2026-09-01 ~ 2026-09-02)
  增量 000920 沃顿科技（已有数据至 2026-09-01）
  [OK] 000920 沃顿科技: 2 条 (2026-09-01 ~ 2026-09-02)
  增量 000048 京基智农（已有数据至 2026-09-01）
  [OK] 000048 京基智农: 2 条 (2026-09-01 ~ 2026-09-02)
  增量 600346 恒力石化（已有数据至 2026-09-01）
  [OK] 600346 恒力石化: 2 条 (2026-09-01 ~ 2026-09-02)
  增量 001313 粤海饲料（已有数据至 2026-09-01）
  [OK] 001313 粤海饲料: 2 条 (2026-09-01 ~ 2026-09-02)
  增量 001228 永泰运（已有数据至 2026-09-01）
  [OK] 001228 永泰运: 2 条 (2026-09-01 ~ 2026-09-02)
  增量 600649 城投控股（已有数据至 2026-09-01）
  [OK] 600649 城投控股: 2 条 (2026-09-01 ~ 2026-09-02)
  增量 600338 西藏珠峰（已有数据至 2026-09-01）
  [OK] 600338 西藏珠峰: 2 条 (2026-09-01 ~ 2026-09-02)
  增量 002319 乐通股份（已有数据至 2026-09-01）
  [OK] 002319 乐通股份: 2 条 (2026-09-01 ~ 2026-09-02)
  增量 601975 招商南油（已有数据至 2026-09-01）
  [OK] 601975 招商南油: 2 条 (2026-09-01 ~ 2026-09-02)
  增量 603366 日出东方（已有数据至 2026-09-01）
  [OK] 603366 日出东方: 2 条 (2026-09-01 ~ 2026-09-02)
  增量 605123 派克新材（已有数据至 2026-09-01）
  [OK] 605123 派克新材: 2 条 (2026-09-01 ~ 2026-09-02)
  增量 601658 邮储银行（已有数据至 2026-09-01）
  [OK] 601658 邮储银行: 2 条 (2026-09-01 ~ 2026-09-02)
  增量 601169 北京银行（已有数据至 2026-09-01）
  [OK] 601169 北京银行: 2 条 (2026-09-01 ~ 2026-09-02)
  增量 603199 九华旅游（已有数据至 2026-09-01）
  [OK] 603199 九华旅游: 2 条 (2026-09-01 ~ 2026-09-02)
  增量 603315 福鞍股份（已有数据至 2026-09-01）
  [OK] 603315 福鞍股份: 2 条 (2026-09-01 ~ 2026-09-02)
  增量 600278 东方创业（已有数据至 2026-09-01）
  [OK] 600278 东方创业: 2 条 (2026-09-01 ~ 2026-09-02)
  增量 600315 上海家化（已有数据至 2026-09-01）
  [OK] 600315 上海家化: 2 条 (2026-09-01 ~ 2026-09-02)
  增量 603237 五芳斋（已有数据至 2026-09-01）
  [OK] 603237 五芳斋: 2 条 (2026-09-01 ~ 2026-09-02)
  增量 603587 地素时尚（已有数据至 2026-09-01）
  [OK] 603587 地素时尚: 2 条 (2026-09-01 ~ 2026-09-02)
  增量 600189 泉阳泉（已有数据至 2026-09-01）
  [OK] 600189 泉阳泉: 2 条 (2026-09-01 ~ 2026-09-02)
  增量 600916 中国黄金（已有数据至 2026-09-01）
  [OK] 600916 中国黄金: 2 条 (2026-09-01 ~ 2026-09-02)
  增量 603139 康惠股份（已有数据至 2026-09-01）
  [OK] 603139 康惠股份: 2 条 (2026-09-01 ~ 2026-09-02)
  增量 603915 国茂股份（已有数据至 2026-09-01）
  [OK] 603915 国茂股份: 2 条 (2026-09-01 ~ 2026-09-02)
  增量 601519 大智慧（已有数据至 2026-09-01）
  [OK] 601519 大智慧: 2 条 (2026-09-01 ~ 2026-09-02)
  增量 601136 首创证券（已有数据至 2026-09-01）
  [OK] 601136 首创证券: 2 条 (2026-09-01 ~ 2026-09-02)
  增量 601330 绿色动力（已有数据至 2026-09-01）
  [OK] 601330 绿色动力: 2 条 (2026-09-01 ~ 2026-09-02)
  增量 600749 西藏旅游（已有数据至 2026-09-01）
  [OK] 600749 西藏旅游: 2 条 (2026-09-01 ~ 2026-09-02)
  增量 603596 伯特利（已有数据至 2026-09-01）
  [OK] 603596 伯特利: 2 条 (2026-09-01 ~ 2026-09-02)
  增量 600017 日照港（已有数据至 2026-09-01）
  [OK] 600017 日照港: 2 条 (2026-09-01 ~ 2026-09-02)
  增量 600864 哈投股份（已有数据至 2026-09-01）
  [OK] 600864 哈投股份: 2 条 (2026-09-01 ~ 2026-09-02)
  增量 601226 华电科工（已有数据至 2026-09-01）
  [OK] 601226 华电科工: 2 条 (2026-09-01 ~ 2026-09-02)
  增量 601222 林洋能源（已有数据至 2026-09-01）
  [OK] 601222 林洋能源: 2 条 (2026-09-01 ~ 2026-09-02)
  增量 603100 川仪股份（已有数据至 2026-09-01）
  [OK] 603100 川仪股份: 2 条 (2026-09-01 ~ 2026-09-02)
  增量 601086 国芳集团（已有数据至 2026-09-01）
  [OK] 601086 国芳集团: 2 条 (2026-09-01 ~ 2026-09-02)
  增量 600028 中国石化（已有数据至 2026-09-01）
  [OK] 600028 中国石化: 2 条 (2026-09-01 ~ 2026-09-02)
  增量 001872 招商港口（已有数据至 2026-09-01）
  [OK] 001872 招商港口: 2 条 (2026-09-01 ~ 2026-09-02)
  增量 600026 中远海能（已有数据至 2026-09-01）
  [OK] 600026 中远海能: 2 条 (2026-09-01 ~ 2026-09-02)
  增量 603016 新宏泰（已有数据至 2026-09-01）
  [OK] 603016 新宏泰: 2 条 (2026-09-01 ~ 2026-09-02)
  增量 603352 至信股份（已有数据至 2026-09-01）
  [OK] 603352 至信股份: 2 条 (2026-09-01 ~ 2026-09-02)
  增量 603500 祥和实业（已有数据至 2026-09-01）
  [OK] 603500 祥和实业: 2 条 (2026-09-01 ~ 2026-09-02)
  增量 603506 南都物业（已有数据至 2026-09-01）
  [OK] 603506 南都物业: 2 条 (2026-09-01 ~ 2026-09-02)
  增量 603696 安记食品（已有数据至 2026-09-01）
  [OK] 603696 安记食品: 2 条 (2026-09-01 ~ 2026-09-02)
  增量 001207 联科科技（已有数据至 2026-09-01）
  [OK] 001207 联科科技: 2 条 (2026-09-01 ~ 2026-09-02)
  [OK] 002313 日海智能: 725 条 (2023-09-04 ~ 2026-09-02)
  [OK] 002258 利尔化学: 726 条 (2023-09-04 ~ 2026-09-02)
  [OK] 000536 华映科技: 726 条 (2023-09-04 ~ 2026-09-02)
  [OK] 002295 精艺股份: 726 条 (2023-09-04 ~ 2026-09-02)
  增量 002478 常宝股份（已有数据至 2026-09-01）
  [OK] 002478 常宝股份: 2 条 (2026-09-01 ~ 2026-09-02)
  [OK] 002640 跨境通: 726 条 (2023-09-04 ~ 2026-09-02)
  [OK] 002017 东信和平: 726 条 (2023-09-04 ~ 2026-09-02)
  [OK] 002040 南 京 港: 726 条 (2023-09-04 ~ 2026-09-02)
  增量 002004 华邦健康（已有数据至 2026-09-01）
  [OK] 002004 华邦健康: 2 条 (2026-09-01 ~ 2026-09-02)
  增量 002632 道明光学（已有数据至 2026-09-01）
  [OK] 002632 道明光学: 2 条 (2026-09-01 ~ 2026-09-02)
  [OK] 002385 大北农: 726 条 (2023-09-04 ~ 2026-09-02)
  增量 002626 金达威（已有数据至 2026-09-01）
  [OK] 002626 金达威: 1 条 (2026-09-01 ~ 2026-09-01)
  [OK] 601933 永辉超市: 725 条 (2023-09-04 ~ 2026-09-01)
  [OK] 600018 上港集团: 726 条 (2023-09-04 ~ 2026-09-02)
  [OK] 603901 永创智能: 726 条 (2023-09-04 ~ 2026-09-02)
  [OK] 002351 漫步者: 726 条 (2023-09-04 ~ 2026-09-02)
  [OK] 601311 骆驼股份: 726 条 (2023-09-04 ~ 2026-09-02)
  [OK] 601566 九牧王: 725 条 (2023-09-04 ~ 2026-09-01)
  增量 600020 中原高速（已有数据至 2026-09-01）
  [OK] 600020 中原高速: 2 条 (2026-09-01 ~ 2026-09-02)
  增量 002539 云图控股（已有数据至 2026-09-01）
  [OK] 002539 云图控股: 1 条 (2026-09-01 ~ 2026-09-01)
  增量 000828 东莞控股（已有数据至 2026-09-01）
  [OK] 000828 东莞控股: 2 条 (2026-09-01 ~ 2026-09-02)
  增量 000937 冀中能源（已有数据至 2026-09-01）
  [OK] 000937 冀中能源: 2 条 (2026-09-01 ~ 2026-09-02)
  增量 000672 上峰材料（已有数据至 2026-09-01）
  [OK] 000672 上峰材料: 2 条 (2026-09-01 ~ 2026-09-02)
  增量 601001 晋控煤业（已有数据至 2026-09-01）
  [OK] 601001 晋控煤业: 2 条 (2026-09-01 ~ 2026-09-02)
  增量 601918 新集能源（已有数据至 2026-09-01）
  [OK] 601918 新集能源: 2 条 (2026-09-01 ~ 2026-09-02)
  增量 002926 华西证券（已有数据至 2026-09-01）
  [OK] 002926 华西证券: 2 条 (2026-09-01 ~ 2026-09-02)
  增量 000728 国元证券（已有数据至 2026-09-01）
  [OK] 000728 国元证券: 2 条 (2026-09-01 ~ 2026-09-02)
  增量 000902 新洋丰（已有数据至 2026-09-01）
  [OK] 000902 新洋丰: 2 条 (2026-09-01 ~ 2026-09-02)
  增量 000061 农 产 品（已有数据至 2026-09-01）
  [OK] 000061 农 产 品: 2 条 (2026-09-01 ~ 2026-09-02)
  增量 600546 山煤国际（已有数据至 2026-09-01）
  [OK] 600546 山煤国际: 2 条 (2026-09-01 ~ 2026-09-02)
  增量 002003 伟星股份（已有数据至 2026-09-01）
  [OK] 002003 伟星股份: 2 条 (2026-09-01 ~ 2026-09-02)
  增量 002648 卫星化学（已有数据至 2026-09-01）
  [OK] 002648 卫星化学: 2 条 (2026-09-01 ~ 2026-09-02)
  增量 600348 华阳股份（已有数据至 2026-09-01）
  [OK] 600348 华阳股份: 1 条 (2026-09-01 ~ 2026-09-01)
  增量 000581 威孚高科（已有数据至 2026-09-01）
  [OK] 000581 威孚高科: 2 条 (2026-09-01 ~ 2026-09-02)
  增量 000686 东北证券（已有数据至 2026-09-01）
  [OK] 000686 东北证券: 2 条 (2026-09-01 ~ 2026-09-02)
  增量 000703 恒逸石化（已有数据至 2026-09-01）
  [OK] 000703 恒逸石化: 2 条 (2026-09-01 ~ 2026-09-02)
  增量 000712 锦龙股份（已有数据至 2026-09-01）
  [OK] 000712 锦龙股份: 2 条 (2026-09-01 ~ 2026-09-02)
  增量 603393 新天然气（已有数据至 2026-09-01）
  [OK] 603393 新天然气: 2 条 (2026-09-01 ~ 2026-09-02)
  增量 002997 瑞鹄模具（已有数据至 2026-09-01）
  [OK] 002997 瑞鹄模具: 2 条 (2026-09-01 ~ 2026-09-02)
  增量 603529 爱玛科技（已有数据至 2026-09-01）
  [OK] 603529 爱玛科技: 2 条 (2026-09-01 ~ 2026-09-02)
  增量 601939 建设银行（已有数据至 2026-09-01）
  [OK] 601939 建设银行: 2 条 (2026-09-01 ~ 2026-09-02)
  增量 000690 宝新能源（已有数据至 2026-09-01）
  [OK] 000690 宝新能源: 2 条 (2026-09-01 ~ 2026-09-02)
  增量 600395 盘江股份（已有数据至 2026-09-01）
  [OK] 600395 盘江股份: 2 条 (2026-09-01 ~ 2026-09-02)
  增量 600508 上海能源（已有数据至 2026-09-01）
  [OK] 600508 上海能源: 2 条 (2026-09-01 ~ 2026-09-02)
  增量 002807 江阴银行（已有数据至 2026-09-01）
  [OK] 002807 江阴银行: 2 条 (2026-09-01 ~ 2026-09-02)
  增量 601919 中远海控（已有数据至 2026-09-01）
  [OK] 601919 中远海控: 2 条 (2026-09-01 ~ 2026-09-02)
  增量 605009 豪悦护理（已有数据至 2026-09-01）
  [OK] 605009 豪悦护理: 2 条 (2026-09-01 ~ 2026-09-02)
  增量 600368 五洲交通（已有数据至 2026-09-01）
  [OK] 600368 五洲交通: 2 条 (2026-09-01 ~ 2026-09-02)
  增量 600908 无锡银行（已有数据至 2026-09-01）
  [OK] 600908 无锡银行: 2 条 (2026-09-01 ~ 2026-09-02)
  增量 601318 中国平安（已有数据至 2026-09-01）
  [OK] 601318 中国平安: 2 条 (2026-09-01 ~ 2026-09-02)
  增量 002293 罗莱生活（已有数据至 2026-09-01）
  [OK] 002293 罗莱生活: 2 条 (2026-09-01 ~ 2026-09-02)
  增量 600496 精工钢构（已有数据至 2026-09-01）
  [OK] 600496 精工钢构: 2 条 (2026-09-01 ~ 2026-09-02)
  增量 600425 青松建化（已有数据至 2026-09-01）
  [OK] 600425 青松建化: 2 条 (2026-09-01 ~ 2026-09-02)
  增量 601997 贵阳银行（已有数据至 2026-09-01）
  [OK] 601997 贵阳银行: 2 条 (2026-09-01 ~ 2026-09-02)
  增量 601886 江河集团（已有数据至 2026-09-01）
  [OK] 601886 江河集团: 2 条 (2026-09-01 ~ 2026-09-02)
  增量 601156 东航物流（已有数据至 2026-09-01）
  [OK] 601156 东航物流: 2 条 (2026-09-01 ~ 2026-09-02)
  增量 601128 常熟银行（已有数据至 2026-09-01）
  [OK] 601128 常熟银行: 2 条 (2026-09-01 ~ 2026-09-02)
  增量 600612 老凤祥（已有数据至 2026-09-01）
  [OK] 600612 老凤祥: 2 条 (2026-09-01 ~ 2026-09-02)
  增量 601528 瑞丰银行（已有数据至 2026-09-01）
  [OK] 601528 瑞丰银行: 2 条 (2026-09-01 ~ 2026-09-02)
  增量 605365 立达信（已有数据至 2026-09-01）
  [OK] 605365 立达信: 2 条 (2026-09-01 ~ 2026-09-02)
  增量 002043 兔 宝 宝（已有数据至 2026-09-01）
  [OK] 002043 兔 宝 宝: 2 条 (2026-09-01 ~ 2026-09-02)
  增量 605599 菜百股份（已有数据至 2026-09-01）
  [OK] 605599 菜百股份: 2 条 (2026-09-01 ~ 2026-09-02)
  增量 002839 张家港行（已有数据至 2026-09-01）
  [OK] 002839 张家港行: 2 条 (2026-09-01 ~ 2026-09-02)
  增量 601702 华峰铝业（已有数据至 2026-09-01）
  [OK] 601702 华峰铝业: 2 条 (2026-09-01 ~ 2026-09-02)
  增量 002423 中粮资本（已有数据至 2026-09-01）
  [OK] 002423 中粮资本: 2 条 (2026-09-01 ~ 2026-09-02)
  增量 000651 格力电器（已有数据至 2026-09-01）
  [OK] 000651 格力电器: 2 条 (2026-09-01 ~ 2026-09-02)
  增量 002392 北京利尔（已有数据至 2026-09-01）
  [OK] 002392 北京利尔: 2 条 (2026-09-01 ~ 2026-09-02)
  增量 002901 大博医疗（已有数据至 2026-09-01）
  [OK] 002901 大博医疗: 2 条 (2026-09-01 ~ 2026-09-02)
  增量 600096 云天化（已有数据至 2026-09-01）
  [OK] 600096 云天化: 2 条 (2026-09-01 ~ 2026-09-02)
  增量 000597 东北制药（已有数据至 2026-09-01）
  [OK] 000597 东北制药: 2 条 (2026-09-01 ~ 2026-09-02)
  增量 600909 华安证券（已有数据至 2026-09-01）
  [OK] 600909 华安证券: 2 条 (2026-09-01 ~ 2026-09-02)
  增量 600459 贵研铂业（已有数据至 2026-09-01）
  [OK] 600459 贵研铂业: 2 条 (2026-09-01 ~ 2026-09-02)
  增量 601233 桐昆股份（已有数据至 2026-09-01）
  [OK] 601233 桐昆股份: 2 条 (2026-09-01 ~ 2026-09-02)
  增量 000933 神火股份（已有数据至 2026-09-01）
  [OK] 000933 神火股份: 2 条 (2026-09-01 ~ 2026-09-02)
  增量 002961 瑞达期货（已有数据至 2026-09-01）
  [OK] 002961 瑞达期货: 2 条 (2026-09-01 ~ 2026-09-02)
  增量 600623 华谊集团（已有数据至 2026-09-01）
  [OK] 600623 华谊集团: 2 条 (2026-09-01 ~ 2026-09-02)
  增量 600686 金龙汽车（已有数据至 2026-09-01）
  [OK] 600686 金龙汽车: 2 条 (2026-09-01 ~ 2026-09-02)
  增量 605060 联德股份（已有数据至 2026-09-01）
  [OK] 605060 联德股份: 2 条 (2026-09-01 ~ 2026-09-02)
  增量 002533 金杯电工（已有数据至 2026-09-01）
  [OK] 002533 金杯电工: 2 条 (2026-09-01 ~ 2026-09-02)
  增量 002011 盾安环境（已有数据至 2026-09-01）
  [OK] 002011 盾安环境: 2 条 (2026-09-01 ~ 2026-09-02)
  增量 002034 旺能环境（已有数据至 2026-09-01）
  [OK] 002034 旺能环境: 2 条 (2026-09-01 ~ 2026-09-02)
  增量 601969 海南矿业（已有数据至 2026-09-01）
  [OK] 601969 海南矿业: 2 条 (2026-09-01 ~ 2026-09-02)
  增量 002386 天原股份（已有数据至 2026-09-01）
  [OK] 002386 天原股份: 2 条 (2026-09-01 ~ 2026-09-02)
  增量 000685 中山公用（已有数据至 2026-09-01）
  [OK] 000685 中山公用: 2 条 (2026-09-01 ~ 2026-09-02)
  增量 002948 青岛银行（已有数据至 2026-09-01）
  [OK] 002948 青岛银行: 2 条 (2026-09-01 ~ 2026-09-02)
  增量 000928 中钢国际（已有数据至 2026-09-01）
  [OK] 000928 中钢国际: 2 条 (2026-09-01 ~ 2026-09-02)
  增量 603055 台华新材（已有数据至 2026-09-01）
  [OK] 603055 台华新材: 2 条 (2026-09-01 ~ 2026-09-02)
  增量 002140 东华科技（已有数据至 2026-09-01）
  [OK] 002140 东华科技: 2 条 (2026-09-01 ~ 2026-09-02)
  增量 000501 武商集团（已有数据至 2026-09-01）
  [OK] 000501 武商集团: 2 条 (2026-09-01 ~ 2026-09-02)
  增量 605222 起帆电缆（已有数据至 2026-09-01）
  [OK] 605222 起帆电缆: 2 条 (2026-09-01 ~ 2026-09-02)
  增量 002243 力合科创（已有数据至 2026-09-01）
  [OK] 002243 力合科创: 2 条 (2026-09-01 ~ 2026-09-02)
  增量 600223 福瑞达（已有数据至 2026-09-01）
  [OK] 600223 福瑞达: 2 条 (2026-09-01 ~ 2026-09-02)
  增量 000563 陕国投Ａ（已有数据至 2026-09-01）
  [OK] 000563 陕国投Ａ: 2 条 (2026-09-01 ~ 2026-09-02)
  增量 603408 建霖家居（已有数据至 2026-09-01）
  [OK] 603408 建霖家居: 2 条 (2026-09-01 ~ 2026-09-02)
  增量 600335 国机汽车（已有数据至 2026-09-01）
  [OK] 600335 国机汽车: 2 条 (2026-09-01 ~ 2026-09-02)
  增量 603605 珀莱雅（已有数据至 2026-09-01）
  [OK] 603605 珀莱雅: 2 条 (2026-09-01 ~ 2026-09-02)
  增量 600507 方大特钢（已有数据至 2026-09-01）
  [OK] 600507 方大特钢: 2 条 (2026-09-01 ~ 2026-09-02)
  增量 000617 中油资本（已有数据至 2026-09-01）
  [OK] 000617 中油资本: 2 条 (2026-09-01 ~ 2026-09-02)
  增量 605299 舒华体育（已有数据至 2026-09-01）
  [OK] 605299 舒华体育: 2 条 (2026-09-01 ~ 2026-09-02)
  增量 002697 红旗连锁（已有数据至 2026-09-01）
  [OK] 002697 红旗连锁: 2 条 (2026-09-01 ~ 2026-09-02)
  增量 000848 承德露露（已有数据至 2026-09-01）
  [OK] 000848 承德露露: 2 条 (2026-09-01 ~ 2026-09-02)
  增量 600841 动力新科（已有数据至 2026-09-01）
  [OK] 600841 动力新科: 2 条 (2026-09-01 ~ 2026-09-02)
  增量 000810 创维数字（已有数据至 2026-09-01）
  [OK] 000810 创维数字: 2 条 (2026-09-01 ~ 2026-09-02)
  增量 603323 苏农银行（已有数据至 2026-09-01）
  [OK] 603323 苏农银行: 2 条 (2026-09-01 ~ 2026-09-02)
  增量 000758 中色股份（已有数据至 2026-09-01）
  [OK] 000758 中色股份: 2 条 (2026-09-01 ~ 2026-09-02)
  增量 600502 安徽建工（已有数据至 2026-09-01）
  [OK] 600502 安徽建工: 2 条 (2026-09-01 ~ 2026-09-02)
  增量 603565 中谷物流（已有数据至 2026-09-01）
  [OK] 603565 中谷物流: 2 条 (2026-09-01 ~ 2026-09-02)
  增量 000589 贵州轮胎（已有数据至 2026-09-01）
  [OK] 000589 贵州轮胎: 2 条 (2026-09-01 ~ 2026-09-02)
  增量 600746 江苏索普（已有数据至 2026-09-01）
  [OK] 600746 江苏索普: 2 条 (2026-09-01 ~ 2026-09-02)
  增量 002752 昇兴股份（已有数据至 2026-09-01）
  [OK] 002752 昇兴股份: 2 条 (2026-09-01 ~ 2026-09-02)
  增量 000968 蓝焰控股（已有数据至 2026-09-01）
  [OK] 000968 蓝焰控股: 2 条 (2026-09-01 ~ 2026-09-02)
  增量 000650 仁和药业（已有数据至 2026-09-01）
  [OK] 000650 仁和药业: 2 条 (2026-09-01 ~ 2026-09-02)
  增量 600125 铁龙物流（已有数据至 2026-09-01）
  [OK] 600125 铁龙物流: 2 条 (2026-09-01 ~ 2026-09-02)
  增量 000888 峨眉山Ａ（已有数据至 2026-09-01）
  [OK] 000888 峨眉山Ａ: 2 条 (2026-09-01 ~ 2026-09-02)
  增量 600057 厦门象屿（已有数据至 2026-09-01）
  [OK] 600057 厦门象屿: 2 条 (2026-09-01 ~ 2026-09-02)
  增量 601333 广深铁路（已有数据至 2026-09-01）
  [OK] 601333 广深铁路: 2 条 (2026-09-01 ~ 2026-09-02)
  增量 601058 赛轮轮胎（已有数据至 2026-09-01）
  [OK] 601058 赛轮轮胎: 2 条 (2026-09-01 ~ 2026-09-02)
  增量 601677 明泰铝业（已有数据至 2026-09-01）
  [OK] 601677 明泰铝业: 2 条 (2026-09-01 ~ 2026-09-02)
  增量 001323 慕思股份（已有数据至 2026-09-01）
  [OK] 001323 慕思股份: 2 条 (2026-09-01 ~ 2026-09-02)
  增量 600475 华光环能（已有数据至 2026-09-01）
  [OK] 600475 华光环能: 2 条 (2026-09-01 ~ 2026-09-02)
  增量 000089 深圳机场（已有数据至 2026-09-01）
  [OK] 000089 深圳机场: 2 条 (2026-09-01 ~ 2026-09-02)
  增量 002029 七 匹 狼（已有数据至 2026-09-01）
  [OK] 002029 七 匹 狼: 2 条 (2026-09-01 ~ 2026-09-02)
  增量 600458 时代新材（已有数据至 2026-09-01）
  [OK] 600458 时代新材: 2 条 (2026-09-01 ~ 2026-09-02)
  增量 603969 银龙股份（已有数据至 2026-09-01）
  [OK] 603969 银龙股份: 2 条 (2026-09-01 ~ 2026-09-02)
  增量 601890 亚星锚链（已有数据至 2026-09-01）
  [OK] 601890 亚星锚链: 2 条 (2026-09-01 ~ 2026-09-02)
  增量 002941 新疆交建（已有数据至 2026-09-01）
  [OK] 002941 新疆交建: 2 条 (2026-09-01 ~ 2026-09-02)
  增量 600155 华创云信（已有数据至 2026-09-01）
  [OK] 600155 华创云信: 2 条 (2026-09-01 ~ 2026-09-02)
  增量 002390 信邦制药（已有数据至 2026-09-01）
  [OK] 002390 信邦制药: 2 条 (2026-09-01 ~ 2026-09-02)
  增量 002880 卫光生物（已有数据至 2026-09-01）
  [OK] 002880 卫光生物: 2 条 (2026-09-01 ~ 2026-09-02)
  增量 600603 广汇物流（已有数据至 2026-09-01）
  [OK] 600603 广汇物流: 2 条 (2026-09-01 ~ 2026-09-02)
  增量 002101 广东鸿图（已有数据至 2026-09-01）
  [OK] 002101 广东鸿图: 2 条 (2026-09-01 ~ 2026-09-02)
  增量 002448 中原内配（已有数据至 2026-09-01）
  [OK] 002448 中原内配: 2 条 (2026-09-01 ~ 2026-09-02)
  增量 601958 金钼股份（已有数据至 2026-09-01）
  [OK] 601958 金钼股份: 2 条 (2026-09-01 ~ 2026-09-02)
  增量 601600 中国铝业（已有数据至 2026-09-01）
  [OK] 601600 中国铝业: 2 条 (2026-09-01 ~ 2026-09-02)
  增量 000612 焦作万方（已有数据至 2026-09-01）
  [OK] 000612 焦作万方: 2 条 (2026-09-01 ~ 2026-09-02)
  增量 601117 中国化学（已有数据至 2026-09-01）
  [OK] 601117 中国化学: 2 条 (2026-09-01 ~ 2026-09-02)
  增量 600033 福建高速（已有数据至 2026-09-01）
  [OK] 600033 福建高速: 2 条 (2026-09-01 ~ 2026-09-02)
  增量 000567 海德股份（已有数据至 2026-09-01）
  [OK] 000567 海德股份: 2 条 (2026-09-01 ~ 2026-09-02)
  增量 000807 云铝股份（已有数据至 2026-09-01）
  [OK] 000807 云铝股份: 2 条 (2026-09-01 ~ 2026-09-02)
  增量 600299 安迪苏（已有数据至 2026-09-01）
  [OK] 600299 安迪苏: 2 条 (2026-09-01 ~ 2026-09-02)
  增量 601038 一拖股份（已有数据至 2026-09-01）
  [OK] 601038 一拖股份: 2 条 (2026-09-01 ~ 2026-09-02)
  增量 603489 八方股份（已有数据至 2026-09-01）
  [OK] 603489 八方股份: 2 条 (2026-09-01 ~ 2026-09-02)
  增量 002479 富春环保（已有数据至 2026-09-01）
  [OK] 002479 富春环保: 2 条 (2026-09-01 ~ 2026-09-02)
  增量 002120 韵达股份（已有数据至 2026-09-01）
  [OK] 002120 韵达股份: 2 条 (2026-09-01 ~ 2026-09-02)
  增量 002064 华峰化学（已有数据至 2026-09-01）
  [OK] 002064 华峰化学: 2 条 (2026-09-01 ~ 2026-09-02)
  增量 601601 中国太保（已有数据至 2026-09-01）
  [OK] 601601 中国太保: 2 条 (2026-09-01 ~ 2026-09-02)
  增量 600426 华鲁恒升（已有数据至 2026-09-01）
  [OK] 600426 华鲁恒升: 2 条 (2026-09-01 ~ 2026-09-02)
  增量 002500 山西证券（已有数据至 2026-09-01）
  [OK] 002500 山西证券: 2 条 (2026-09-01 ~ 2026-09-02)
  增量 600251 冠农股份（已有数据至 2026-09-01）
  [OK] 600251 冠农股份: 2 条 (2026-09-01 ~ 2026-09-02)
  增量 000900 现代投资（已有数据至 2026-09-01）
  [OK] 000900 现代投资: 2 条 (2026-09-01 ~ 2026-09-02)
  增量 600109 国金证券（已有数据至 2026-09-01）
  [OK] 600109 国金证券: 2 条 (2026-09-01 ~ 2026-09-02)
  增量 601121 宝地矿业（已有数据至 2026-09-01）
  [OK] 601121 宝地矿业: 2 条 (2026-09-01 ~ 2026-09-02)
  增量 002673 西部证券（已有数据至 2026-09-01）
  [OK] 002673 西部证券: 2 条 (2026-09-01 ~ 2026-09-02)
  增量 603132 金徽股份（已有数据至 2026-09-01）
  [OK] 603132 金徽股份: 2 条 (2026-09-01 ~ 2026-09-02)
  增量 002690 美亚光电（已有数据至 2026-09-01）
  [OK] 002690 美亚光电: 2 条 (2026-09-01 ~ 2026-09-02)
  增量 600059 古越龙山（已有数据至 2026-09-01）
  [OK] 600059 古越龙山: 2 条 (2026-09-01 ~ 2026-09-02)
  增量 600621 华鑫股份（已有数据至 2026-09-01）
  [OK] 600621 华鑫股份: 2 条 (2026-09-01 ~ 2026-09-02)
  增量 603871 嘉友国际（已有数据至 2026-09-01）
  [OK] 603871 嘉友国际: 2 条 (2026-09-01 ~ 2026-09-02)
  增量 000528 柳    工（已有数据至 2026-09-01）
  [OK] 000528 柳    工: 2 条 (2026-09-01 ~ 2026-09-02)
  增量 603979 金诚信（已有数据至 2026-09-01）
  [OK] 603979 金诚信: 2 条 (2026-09-01 ~ 2026-09-02)
  增量 603093 南华期货（已有数据至 2026-09-01）
  [OK] 603093 南华期货: 2 条 (2026-09-01 ~ 2026-09-02)
  增量 000893 亚钾国际（已有数据至 2026-09-01）
  [OK] 000893 亚钾国际: 2 条 (2026-09-01 ~ 2026-09-02)
  增量 600906 财达证券（已有数据至 2026-09-01）
  [OK] 600906 财达证券: 2 条 (2026-09-01 ~ 2026-09-02)
  增量 601168 西部矿业（已有数据至 2026-09-01）
  [OK] 601168 西部矿业: 2 条 (2026-09-01 ~ 2026-09-02)
  增量 000951 中国重汽（已有数据至 2026-09-01）
  [OK] 000951 中国重汽: 2 条 (2026-09-01 ~ 2026-09-02)
  增量 000949 新乡化纤（已有数据至 2026-09-01）
  [OK] 000949 新乡化纤: 2 条 (2026-09-01 ~ 2026-09-02)
  增量 002452 长高电气（已有数据至 2026-09-01）
  [OK] 002452 长高电气: 2 条 (2026-09-01 ~ 2026-09-02)
  增量 600989 宝丰能源（已有数据至 2026-09-01）
  [OK] 600989 宝丰能源: 2 条 (2026-09-01 ~ 2026-09-02)
  增量 001309 德明利（已有数据至 2026-09-01）
  [OK] 001309 德明利: 2 条 (2026-09-01 ~ 2026-09-02)
  增量 601319 中国人保（已有数据至 2026-09-01）
  [OK] 601319 中国人保: 2 条 (2026-09-01 ~ 2026-09-02)
  [OK] 003010 若羽臣: 726 条 (2023-09-04 ~ 2026-09-02)
  [OK] 601882 海天精工: 726 条 (2023-09-04 ~ 2026-09-02)
  增量 601665 齐鲁银行（已有数据至 2026-09-01）
  [OK] 601665 齐鲁银行: 2 条 (2026-09-01 ~ 2026-09-02)
  [OK] 600961 株冶集团: 726 条 (2023-09-04 ~ 2026-09-02)
  增量 002532 天山铝业（已有数据至 2026-09-01）
  [OK] 002532 天山铝业: 2 条 (2026-09-01 ~ 2026-09-02)
  [OK] 002033 丽江股份: 726 条 (2023-09-04 ~ 2026-09-02)
  [OK] 002590 万安科技: 726 条 (2023-09-04 ~ 2026-09-02)
  [OK] 603588 高能环境: 726 条 (2023-09-04 ~ 2026-09-02)
  [OK] 600054 黄山旅游: 726 条 (2023-09-04 ~ 2026-09-02)
  增量 002602 世纪华通（已有数据至 2026-09-01）
  [OK] 002602 世纪华通: 2 条 (2026-09-01 ~ 2026-09-02)
  [OK] 002443 金洲管道: 726 条 (2023-09-04 ~ 2026-09-02)
  [OK] 002985 北摩高科: 726 条 (2023-09-04 ~ 2026-09-02)
  [OK] 002284 亚太股份: 726 条 (2023-09-04 ~ 2026-09-02)
  增量 605118 力鼎光电（已有数据至 2026-09-01）
  [OK] 605118 力鼎光电: 2 条 (2026-09-01 ~ 2026-09-02)
  增量 601555 东吴证券（已有数据至 2026-09-01）
  [OK] 601555 东吴证券: 2 条 (2026-09-01 ~ 2026-09-02)
  增量 000792 盐湖股份（已有数据至 2026-09-01）
  [OK] 000792 盐湖股份: 2 条 (2026-09-01 ~ 2026-09-02)
  增量 000155 川能动力（已有数据至 2026-09-01）
  [OK] 000155 川能动力: 2 条 (2026-09-01 ~ 2026-09-02)
  增量 000776 广发证券（已有数据至 2026-09-01）
  [OK] 000776 广发证券: 2 条 (2026-09-01 ~ 2026-09-02)
  增量 002440 闰土股份（已有数据至 2026-09-01）
  [OK] 002440 闰土股份: 2 条 (2026-09-01 ~ 2026-09-02)
  增量 600776 东方通信（已有数据至 2026-09-01）
  [OK] 600776 东方通信: 2 条 (2026-09-01 ~ 2026-09-02)
  增量 605020 永和股份（已有数据至 2026-09-01）
  [OK] 605020 永和股份: 2 条 (2026-09-01 ~ 2026-09-02)
  增量 002558 巨人网络（已有数据至 2026-09-01）
  [OK] 002558 巨人网络: 2 条 (2026-09-01 ~ 2026-09-02)
  增量 002925 盈趣科技（已有数据至 2026-09-01）
  [OK] 002925 盈趣科技: 2 条 (2026-09-01 ~ 2026-09-02)
  增量 002289 宇顺电子（已有数据至 2026-09-01）
  [OK] 002289 宇顺电子: 2 条 (2026-09-01 ~ 2026-09-02)
  增量 002372 伟星新材（已有数据至 2026-09-01）
  [OK] 002372 伟星新材: 2 条 (2026-09-01 ~ 2026-09-02)
  增量 002685 华东重机（已有数据至 2026-09-01）
  [OK] 002685 华东重机: 2 条 (2026-09-01 ~ 2026-09-02)
  增量 600770 综艺股份（已有数据至 2026-09-01）
  [OK] 600770 综艺股份: 2 条 (2026-09-01 ~ 2026-09-02)
  增量 603986 兆易创新（已有数据至 2026-09-01）
  [OK] 603986 兆易创新: 2 条 (2026-09-01 ~ 2026-09-02)
  增量 600780 通宝能源（已有数据至 2026-09-01）
  [OK] 600780 通宝能源: 2 条 (2026-09-01 ~ 2026-09-02)
  [OK] 002832 比音勒芬: 726 条 (2023-09-04 ~ 2026-09-02)
  增量 601899 紫金矿业（已有数据至 2026-09-01）
  [OK] 601899 紫金矿业: 2 条 (2026-09-01 ~ 2026-09-02)
  [OK] 002546 新联电子: 726 条 (2023-09-04 ~ 2026-09-02)
  [OK] 002645 华宏科技: 726 条 (2023-09-04 ~ 2026-09-02)
  增量 605368 蓝天燃气（已有数据至 2026-09-01）
  [OK] 605368 蓝天燃气: 2 条 (2026-09-01 ~ 2026-09-02)
  增量 001337 四川黄金（已有数据至 2026-09-01）
  [OK] 001337 四川黄金: 2 条 (2026-09-01 ~ 2026-09-02)
  增量 601388 怡球资源（已有数据至 2026-09-01）
  [OK] 601388 怡球资源: 2 条 (2026-09-01 ~ 2026-09-02)
  增量 002170 芭田股份（已有数据至 2026-09-01）
  [OK] 002170 芭田股份: 2 条 (2026-09-01 ~ 2026-09-02)
  增量 601077 渝农商行（已有数据至 2026-09-01）
  [OK] 601077 渝农商行: 2 条 (2026-09-01 ~ 2026-09-02)
  增量 600309 万华化学（已有数据至 2026-09-01）
  [OK] 600309 万华化学: 2 条 (2026-09-01 ~ 2026-09-02)
  增量 002202 金风科技（已有数据至 2026-09-01）
  [OK] 002202 金风科技: 2 条 (2026-09-01 ~ 2026-09-02)
  增量 001205 盛航股份（已有数据至 2026-09-01）
  [OK] 001205 盛航股份: 2 条 (2026-09-01 ~ 2026-09-02)
  增量 001368 通达创智（已有数据至 2026-09-01）
  [OK] 001368 通达创智: 2 条 (2026-09-01 ~ 2026-09-02)
  增量 002420 毅昌科技（已有数据至 2026-09-01）
  [OK] 002420 毅昌科技: 2 条 (2026-09-01 ~ 2026-09-02)
  增量 600980 北矿科技（已有数据至 2026-09-01）
  [OK] 600980 北矿科技: 2 条 (2026-09-01 ~ 2026-09-02)
  增量 603661 恒林股份（已有数据至 2026-09-01）
  [OK] 603661 恒林股份: 2 条 (2026-09-01 ~ 2026-09-02)
  增量 000532 华金资本（已有数据至 2026-09-01）
  [OK] 000532 华金资本: 2 条 (2026-09-01 ~ 2026-09-02)
  增量 603518 锦泓集团（已有数据至 2026-09-01）
  [OK] 603518 锦泓集团: 2 条 (2026-09-01 ~ 2026-09-02)
  增量 001333 光华股份（已有数据至 2026-09-01）
  [OK] 001333 光华股份: 2 条 (2026-09-01 ~ 2026-09-02)
  增量 605001 威奥股份（已有数据至 2026-09-01）
  [OK] 605001 威奥股份: 2 条 (2026-09-01 ~ 2026-09-02)
  增量 603995 甬金股份（已有数据至 2026-09-01）
  [OK] 603995 甬金股份: 2 条 (2026-09-01 ~ 2026-09-02)
  增量 601952 苏垦农发（已有数据至 2026-09-01）
  [OK] 601952 苏垦农发: 2 条 (2026-09-01 ~ 2026-09-02)
  增量 000426 兴业银锡（已有数据至 2026-09-01）
  [OK] 000426 兴业银锡: 2 条 (2026-09-01 ~ 2026-09-02)
  增量 002960 青鸟智控（已有数据至 2026-09-01）
  [OK] 002960 青鸟智控: 2 条 (2026-09-01 ~ 2026-09-02)
  增量 605058 澳弘电子（已有数据至 2026-09-01）
  [OK] 605058 澳弘电子: 2 条 (2026-09-01 ~ 2026-09-02)
  增量 603080 新疆火炬（已有数据至 2026-09-01）
  [OK] 603080 新疆火炬: 2 条 (2026-09-01 ~ 2026-09-02)
  增量 000049 德赛电池（已有数据至 2026-09-01）
  [OK] 000049 德赛电池: 2 条 (2026-09-01 ~ 2026-09-02)
  增量 002283 天润工业（已有数据至 2026-09-01）
  [OK] 002283 天润工业: 2 条 (2026-09-01 ~ 2026-09-02)
  增量 002469 三维化学（已有数据至 2026-09-01）
  [OK] 002469 三维化学: 2 条 (2026-09-01 ~ 2026-09-02)
  增量 603380 易德龙（已有数据至 2026-09-01）
  [OK] 603380 易德龙: 2 条 (2026-09-01 ~ 2026-09-02)
  增量 002266 浙富控股（已有数据至 2026-09-01）
  [OK] 002266 浙富控股: 2 条 (2026-09-01 ~ 2026-09-02)
  增量 600489 中金黄金（已有数据至 2026-09-01）
  [OK] 600489 中金黄金: 2 条 (2026-09-01 ~ 2026-09-02)
  增量 000878 云南铜业（已有数据至 2026-09-01）
  [OK] 000878 云南铜业: 2 条 (2026-09-01 ~ 2026-09-02)
  增量 002237 恒邦股份（已有数据至 2026-09-01）
  [OK] 002237 恒邦股份: 2 条 (2026-09-01 ~ 2026-09-02)
  增量 000151 中成股份（已有数据至 2026-09-01）
  [OK] 000151 中成股份: 2 条 (2026-09-01 ~ 2026-09-02)
  增量 603726 朗迪集团（已有数据至 2026-09-01）
  [OK] 603726 朗迪集团: 2 条 (2026-09-01 ~ 2026-09-02)
  增量 002683 广东宏大（已有数据至 2026-09-01）
  [OK] 002683 广东宏大: 2 条 (2026-09-01 ~ 2026-09-02)
  增量 603733 仙鹤股份（已有数据至 2026-09-01）
  [OK] 603733 仙鹤股份: 2 条 (2026-09-01 ~ 2026-09-02)
  增量 601872 招商轮船（已有数据至 2026-09-01）
  [OK] 601872 招商轮船: 2 条 (2026-09-01 ~ 2026-09-02)
  增量 603277 银都股份（已有数据至 2026-09-01）
  [OK] 603277 银都股份: 2 条 (2026-09-01 ~ 2026-09-02)
  增量 002468 申通快递（已有数据至 2026-09-01）
  [OK] 002468 申通快递: 2 条 (2026-09-01 ~ 2026-09-02)
  增量 002463 沪电股份（已有数据至 2026-09-01）
  [OK] 002463 沪电股份: 2 条 (2026-09-01 ~ 2026-09-02)
  增量 001367 海森药业（已有数据至 2026-09-01）
  [OK] 001367 海森药业: 2 条 (2026-09-01 ~ 2026-09-02)
  增量 603909 建发合诚（已有数据至 2026-09-01）
  [OK] 603909 建发合诚: 2 条 (2026-09-01 ~ 2026-09-02)
  增量 600526 菲达环保（已有数据至 2026-09-01）
  [OK] 600526 菲达环保: 2 条 (2026-09-01 ~ 2026-09-02)
  增量 603676 卫信康（已有数据至 2026-09-01）
  [OK] 603676 卫信康: 2 条 (2026-09-01 ~ 2026-09-02)
  增量 000403 派林生物（已有数据至 2026-09-01）
  [OK] 000403 派林生物: 2 条 (2026-09-01 ~ 2026-09-02)
  增量 002107 沃华医药（已有数据至 2026-09-01）
  [OK] 002107 沃华医药: 2 条 (2026-09-01 ~ 2026-09-02)
  增量 002357 富临运业（已有数据至 2026-09-01）
  [OK] 002357 富临运业: 2 条 (2026-09-01 ~ 2026-09-02)
  增量 603987 康德莱（已有数据至 2026-09-01）
  [OK] 603987 康德莱: 2 条 (2026-09-01 ~ 2026-09-02)
  增量 002818 富森美（已有数据至 2026-09-01）
  [OK] 002818 富森美: 2 条 (2026-09-01 ~ 2026-09-02)
  增量 603900 莱绅通灵（已有数据至 2026-09-01）
  [OK] 603900 莱绅通灵: 2 条 (2026-09-01 ~ 2026-09-02)
  增量 002758 浙农股份（已有数据至 2026-09-01）
  [OK] 002758 浙农股份: 2 条 (2026-09-01 ~ 2026-09-02)
  增量 002166 莱茵生物（已有数据至 2026-09-01）
  [OK] 002166 莱茵生物: 2 条 (2026-09-01 ~ 2026-09-02)
  增量 002375 亚厦股份（已有数据至 2026-09-01）
  [OK] 002375 亚厦股份: 2 条 (2026-09-01 ~ 2026-09-02)
  增量 605116 奥锐特（已有数据至 2026-09-01）
  [OK] 605116 奥锐特: 2 条 (2026-09-01 ~ 2026-09-02)
  增量 002768 国恩股份（已有数据至 2026-09-01）
  [OK] 002768 国恩股份: 2 条 (2026-09-01 ~ 2026-09-02)
  增量 000915 华特达因（已有数据至 2026-09-01）
  [OK] 000915 华特达因: 2 条 (2026-09-01 ~ 2026-09-02)
  增量 600415 小商品城（已有数据至 2026-09-01）
  [OK] 600415 小商品城: 2 条 (2026-09-01 ~ 2026-09-02)
  增量 600380 健康元（已有数据至 2026-09-01）
  [OK] 600380 健康元: 2 条 (2026-09-01 ~ 2026-09-02)
  增量 002016 世荣兆业（已有数据至 2026-09-01）
  [OK] 002016 世荣兆业: 2 条 (2026-09-01 ~ 2026-09-02)
  增量 000963 华东医药（已有数据至 2026-09-01）
  [OK] 000963 华东医药: 2 条 (2026-09-01 ~ 2026-09-02)
  增量 002603 以岭药业（已有数据至 2026-09-01）
  [OK] 002603 以岭药业: 2 条 (2026-09-01 ~ 2026-09-02)
  增量 002950 奥美医疗（已有数据至 2026-09-01）
  [OK] 002950 奥美医疗: 2 条 (2026-09-01 ~ 2026-09-02)
  增量 002616 长青集团（已有数据至 2026-09-01）
  [OK] 002616 长青集团: 2 条 (2026-09-01 ~ 2026-09-02)
  增量 002007 华兰生物（已有数据至 2026-09-01）
  [OK] 002007 华兰生物: 2 条 (2026-09-01 ~ 2026-09-02)
  增量 002508 老板电器（已有数据至 2026-09-01）
  [OK] 002508 老板电器: 2 条 (2026-09-01 ~ 2026-09-02)
个股完成，共写入 20492 条

