INFO:     Will watch for changes in these directories: ['d:\\stock-scoring\\stock-scoring-v2\\backend']
INFO:     Uvicorn running on http://0.0.0.0:8000 (Press CTRL+C to quit)
INFO:     Started reloader process [19844] using WatchFiles
9aadfcc0-4a6e-4c89-a65b-a7c706ff98b6
[启动] K线缓存从磁盘恢复: 2511 条
[database] 使用 PostgreSQL 数据库
[persistence] signal_history 表初始化完成
INFO:     Started server process [26472]
INFO:     Waiting for application startup.
[database] 数据表初始化完成
[snapshot] 已从收盘快照恢复行情: 3230 只 (快照时间 2026-09-03T15:08:49.369413+08:00)
[market_regime] 重启恢复缓存: 2026-09-02 neutral_bearish 权重={'technical': 0.27, 'capital': 0.23, 'fundamental': 0.23, 'growth': 0.17, 'quality': 0.11}
[scheduler] 重启恢复市场状态: 2026-09-02 neutral_bearish 权重={'technical': 0.27, 'capital': 0.23, 'fundamental': 0.23, 'growth': 0.17, 'quality': 0.11}
ERROR:    Traceback (most recent call last):
  File "C:\Users\Administrator\AppData\Local\Programs\Python\Python312\Lib\site-packages\starlette\routing.py", line 732, in lifespan
    async with self.lifespan_context(app) as maybe_state:
               ^^^^^^^^^^^^^^^^^^^^^^^^^^
  File "C:\Users\Administrator\AppData\Local\Programs\Python\Python312\Lib\contextlib.py", line 210, in __aenter__
    return await anext(self.gen)
           ^^^^^^^^^^^^^^^^^^^^^
  File "d:\stock-scoring\stock-scoring-v2\backend\app\main.py", line 89, in lifespan
    _scheduler_tasks = await scheduler.start()
                       ^^^^^^^^^^^^^^^^^^^^^^^
  File "d:\stock-scoring\stock-scoring-v2\backend\app\flash\scheduler.py", line 1287, in start
    print(f"[scheduler] 已启动: 快讯{FLASH_POLL_INTERVAL}s / 跟踪{TRACK_INTERVAL}s / "
UnicodeEncodeError: 'gbk' codec can't encode character '\u2705' in position 367: illegal multibyte sequence

ERROR:    Application startup failed. Exiting.
[eastmoney] 主站不可用，已切 delay 端点（行情延迟~15分钟）fs=m:90+t:2
WARNING:  WatchFiles detected changes in 'tmp_test_sector.py'. Reloading...
9aadfcc0-4a6e-4c89-a65b-a7c706ff98b6
[启动] K线缓存从磁盘恢复: 2511 条
[database] 使用 PostgreSQL 数据库
[persistence] signal_history 表初始化完成
INFO:     Started server process [19712]
INFO:     Waiting for application startup.
[database] 数据表初始化完成
[snapshot] 已从收盘快照恢复行情: 3230 只 (快照时间 2026-09-03T15:08:49.369413+08:00)
[market_regime] 重启恢复缓存: 2026-09-02 neutral_bearish 权重={'technical': 0.27, 'capital': 0.23, 'fundamental': 0.23, 'growth': 0.17, 'quality': 0.11}
[scheduler] 重启恢复市场状态: 2026-09-02 neutral_bearish 权重={'technical': 0.27, 'capital': 0.23, 'fundamental': 0.23, 'growth': 0.17, 'quality': 0.11}
ERROR:    Traceback (most recent call last):
  File "C:\Users\Administrator\AppData\Local\Programs\Python\Python312\Lib\site-packages\starlette\routing.py", line 732, in lifespan
    async with self.lifespan_context(app) as maybe_state:
               ^^^^^^^^^^^^^^^^^^^^^^^^^^
  File "C:\Users\Administrator\AppData\Local\Programs\Python\Python312\Lib\contextlib.py", line 210, in __aenter__
    return await anext(self.gen)
           ^^^^^^^^^^^^^^^^^^^^^
  File "d:\stock-scoring\stock-scoring-v2\backend\app\main.py", line 89, in lifespan
    _scheduler_tasks = await scheduler.start()
                       ^^^^^^^^^^^^^^^^^^^^^^^
  File "d:\stock-scoring\stock-scoring-v2\backend\app\flash\scheduler.py", line 1287, in start
    print(f"[scheduler] 已启动: 快讯{FLASH_POLL_INTERVAL}s / 跟踪{TRACK_INTERVAL}s / "
UnicodeEncodeError: 'gbk' codec can't encode character '\u2705' in position 367: illegal multibyte sequence

ERROR:    Application startup failed. Exiting.
WARNING:  WatchFiles detected changes in 'app\health.py'. Reloading...
9aadfcc0-4a6e-4c89-a65b-a7c706ff98b6
[启动] K线缓存从磁盘恢复: 2511 条
[database] 使用 PostgreSQL 数据库
WARNING:  WatchFiles detected changes in 'tmp_test_sector.py'. Reloading...
[persistence] signal_history 表初始化完成
INFO:     Started server process [18468]
INFO:     Waiting for application startup.
[database] 数据表初始化完成
[snapshot] 已从收盘快照恢复行情: 3230 只 (快照时间 2026-09-03T15:08:49.369413+08:00)
[market_regime] 重启恢复缓存: 2026-09-02 neutral_bearish 权重={'technical': 0.27, 'capital': 0.23, 'fundamental': 0.23, 'growth': 0.17, 'quality': 0.11}
[scheduler] 重启恢复市场状态: 2026-09-02 neutral_bearish 权重={'technical': 0.27, 'capital': 0.23, 'fundamental': 0.23, 'growth': 0.17, 'quality': 0.11}
ERROR:    Traceback (most recent call last):
  File "C:\Users\Administrator\AppData\Local\Programs\Python\Python312\Lib\site-packages\starlette\routing.py", line 732, in lifespan
    async with self.lifespan_context(app) as maybe_state:
               ^^^^^^^^^^^^^^^^^^^^^^^^^^
  File "C:\Users\Administrator\AppData\Local\Programs\Python\Python312\Lib\contextlib.py", line 210, in __aenter__
    return await anext(self.gen)
           ^^^^^^^^^^^^^^^^^^^^^
  File "d:\stock-scoring\stock-scoring-v2\backend\app\main.py", line 89, in lifespan
    _scheduler_tasks = await scheduler.start()
                       ^^^^^^^^^^^^^^^^^^^^^^^
  File "d:\stock-scoring\stock-scoring-v2\backend\app\flash\scheduler.py", line 1287, in start
    print(f"[scheduler] 已启动: 快讯{FLASH_POLL_INTERVAL}s / 跟踪{TRACK_INTERVAL}s / "
UnicodeEncodeError: 'gbk' codec can't encode character '\u2705' in position 367: illegal multibyte sequence

ERROR:    Application startup failed. Exiting.
[eastmoney] 主站不可用，已切 delay 端点（行情延迟~15分钟）fs=m:90+t:2
9aadfcc0-4a6e-4c89-a65b-a7c706ff98b6
[启动] K线缓存从磁盘恢复: 2511 条
[database] 使用 PostgreSQL 数据库
[persistence] signal_history 表初始化完成
INFO:     Started server process [21360]
INFO:     Waiting for application startup.
[database] 数据表初始化完成
[snapshot] 已从收盘快照恢复行情: 3230 只 (快照时间 2026-09-03T15:08:49.369413+08:00)
[market_regime] 重启恢复缓存: 2026-09-02 neutral_bearish 权重={'technical': 0.27, 'capital': 0.23, 'fundamental': 0.23, 'growth': 0.17, 'quality': 0.11}
[scheduler] 重启恢复市场状态: 2026-09-02 neutral_bearish 权重={'technical': 0.27, 'capital': 0.23, 'fundamental': 0.23, 'growth': 0.17, 'quality': 0.11}
ERROR:    Traceback (most recent call last):
  File "C:\Users\Administrator\AppData\Local\Programs\Python\Python312\Lib\site-packages\starlette\routing.py", line 732, in lifespan
    async with self.lifespan_context(app) as maybe_state:
               ^^^^^^^^^^^^^^^^^^^^^^^^^^
  File "C:\Users\Administrator\AppData\Local\Programs\Python\Python312\Lib\contextlib.py", line 210, in __aenter__
    return await anext(self.gen)
           ^^^^^^^^^^^^^^^^^^^^^
  File "d:\stock-scoring\stock-scoring-v2\backend\app\main.py", line 89, in lifespan
    _scheduler_tasks = await scheduler.start()
                       ^^^^^^^^^^^^^^^^^^^^^^^
  File "d:\stock-scoring\stock-scoring-v2\backend\app\flash\scheduler.py", line 1287, in start
    print(f"[scheduler] 已启动: 快讯{FLASH_POLL_INTERVAL}s / 跟踪{TRACK_INTERVAL}s / "
UnicodeEncodeError: 'gbk' codec can't encode character '\u2705' in position 367: illegal multibyte sequence

ERROR:    Application startup failed. Exiting.
[eastmoney] 主站不可用，已切 delay 端点（行情延迟~15分钟）fs=m:90+t:2
WARNING:  WatchFiles detected changes in 'app\contradictions\scanner.py'. Reloading...
9aadfcc0-4a6e-4c89-a65b-a7c706ff98b6
[启动] K线缓存从磁盘恢复: 2510 条
[database] 使用 PostgreSQL 数据库
[persistence] signal_history 表初始化完成
INFO:     Started server process [12184]
INFO:     Waiting for application startup.
[database] 数据表初始化完成
[snapshot] 已从收盘快照恢复行情: 3230 只 (快照时间 2026-09-03T15:08:49.369413+08:00)
[market_regime] 重启恢复缓存: 2026-09-02 neutral_bearish 权重={'technical': 0.27, 'capital': 0.23, 'fundamental': 0.23, 'growth': 0.17, 'quality': 0.11}
[scheduler] 重启恢复市场状态: 2026-09-02 neutral_bearish 权重={'technical': 0.27, 'capital': 0.23, 'fundamental': 0.23, 'growth': 0.17, 'quality': 0.11}
ERROR:    Traceback (most recent call last):
  File "C:\Users\Administrator\AppData\Local\Programs\Python\Python312\Lib\site-packages\starlette\routing.py", line 732, in lifespan
    async with self.lifespan_context(app) as maybe_state:
               ^^^^^^^^^^^^^^^^^^^^^^^^^^
  File "C:\Users\Administrator\AppData\Local\Programs\Python\Python312\Lib\contextlib.py", line 210, in __aenter__
    return await anext(self.gen)
           ^^^^^^^^^^^^^^^^^^^^^
  File "d:\stock-scoring\stock-scoring-v2\backend\app\main.py", line 89, in lifespan
    _scheduler_tasks = await scheduler.start()
                       ^^^^^^^^^^^^^^^^^^^^^^^
  File "d:\stock-scoring\stock-scoring-v2\backend\app\flash\scheduler.py", line 1287, in start
    print(f"[scheduler] 已启动: 快讯{FLASH_POLL_INTERVAL}s / 跟踪{TRACK_INTERVAL}s / "
UnicodeEncodeError: 'gbk' codec can't encode character '\u2705' in position 367: illegal multibyte sequence

ERROR:    Application startup failed. Exiting.
[eastmoney] 主站不可用，已切 delay 端点（行情延迟~15分钟）fs=m:90+t:2
WARNING:  WatchFiles detected changes in 'app\contradictions\scanner.py'. Reloading...
9aadfcc0-4a6e-4c89-a65b-a7c706ff98b6
[启动] K线缓存从磁盘恢复: 2511 条
[database] 使用 PostgreSQL 数据库
[persistence] signal_history 表初始化完成
INFO:     Started server process [7824]
INFO:     Waiting for application startup.
[database] 数据表初始化完成
[snapshot] 已从收盘快照恢复行情: 3230 只 (快照时间 2026-09-03T15:08:49.369413+08:00)
[market_regime] 重启恢复缓存: 2026-09-02 neutral_bearish 权重={'technical': 0.27, 'capital': 0.23, 'fundamental': 0.23, 'growth': 0.17, 'quality': 0.11}
[scheduler] 重启恢复市场状态: 2026-09-02 neutral_bearish 权重={'technical': 0.27, 'capital': 0.23, 'fundamental': 0.23, 'growth': 0.17, 'quality': 0.11}
ERROR:    Traceback (most recent call last):
  File "C:\Users\Administrator\AppData\Local\Programs\Python\Python312\Lib\site-packages\starlette\routing.py", line 732, in lifespan
    async with self.lifespan_context(app) as maybe_state:
               ^^^^^^^^^^^^^^^^^^^^^^^^^^
  File "C:\Users\Administrator\AppData\Local\Programs\Python\Python312\Lib\contextlib.py", line 210, in __aenter__
    return await anext(self.gen)
           ^^^^^^^^^^^^^^^^^^^^^
  File "d:\stock-scoring\stock-scoring-v2\backend\app\main.py", line 89, in lifespan
    _scheduler_tasks = await scheduler.start()
                       ^^^^^^^^^^^^^^^^^^^^^^^
  File "d:\stock-scoring\stock-scoring-v2\backend\app\flash\scheduler.py", line 1287, in start
    print(f"[scheduler] 已启动: 快讯{FLASH_POLL_INTERVAL}s / 跟踪{TRACK_INTERVAL}s / "
UnicodeEncodeError: 'gbk' codec can't encode character '\u2705' in position 367: illegal multibyte sequence

ERROR:    Application startup failed. Exiting.
[eastmoney] 主站不可用，已切 delay 端点（行情延迟~15分钟）fs=m:90+t:2
